[realnews7.xyz/index.html]
[backblue.gif]
[fade.gif]
[index.html]
[realnews7.xyz/wp-includes/css/dist/block-library/style.min74e5.css]
[realnews7.xyz/feed/index.html]
[realnews7.xyz/comments/feed/index.html]
[realnews7.xyz/wp-includes/css/dashicons.min74e5.css]
[realnews7.xyz/wp-content/themes/enjoyvideo/style1eba.css]
[realnews7.xyz/wp-content/themes/enjoyvideo/dark1eba.css]
[realnews7.xyz/wp-content/themes/enjoyvideo/responsive1eba.css]
[realnews7.xyz/wp-includes/js/jquery/jquery-migrate.mind617.js]
[realnews7.xyz/wp-includes/js/jquery/jquery.minaf6c.js]
[realnews7.xyz/xmlrpc0db0.php]
[realnews7.xyz/wp-json/index.html]
[realnews7.xyz/wp-includes/wlwmanifest.xml]
[realnews7.xyz/wp-content/uploads/2022/03/8LNQV-ywTM0sd-480x270.jpg]
[realnews7.xyz/sample-page/index.html]
[realnews7.xyz/wp-content/uploads/2022/03/d8WgGwXPBEcsd-1-480x270.jpg]
[realnews7.xyz/category/uncategorized/index.html]
[realnews7.xyz/wp-content/uploads/2022/03/1HrIdeq61Hwsd-480x270.jpg]
[realnews7.xyz/2022/03/08/best-action-movies-2022-full-movie-english-hollywood-new-action-movies-2022-full-length-hd/index.html]
[realnews7.xyz/2022/03/08/new-hollywood-movies-hindi-dubbed-2022-robotic-war-action-movie/index.html]
[realnews7.xyz/2022/03/08/best-action-movies-2022-hollywood-action-movie-2022-full-length-english-hd-5/index.html]
[realnews7.xyz/wp-content/uploads/2022/03/0pfaMLK9nFcsd-1-480x270.jpg]
[realnews7.xyz/wp-content/uploads/2022/03/dCNADdUslu0sd-480x270.jpg]
[realnews7.xyz/2022/03/08/king-kong-full-movie-hollywood-full-movie-2022-full-movies-in-english-𝐅𝐮𝐥𝐥-𝐇𝐃-1080-2/index.html]
[realnews7.xyz/2022/03/08/best-upcoming-movies-2021-2022-trailers/index.html]
[realnews7.xyz/wp-content/uploads/2022/03/kx7rvsQTv6csd-480x270.jpg]
[realnews7.xyz/2022/03/08/2022-full-movie/index.html]
[realnews7.xyz/wp-content/uploads/2022/03/bvhP6SVHn-osd-480x270.jpg]
[realnews7.xyz/2022/03/08/best-upcoming-movies-2022-trailers/index.html]
[realnews7.xyz/wp-content/uploads/2022/03/vKKdrskAK9ohq-480x270.jpg]
[realnews7.xyz/wp-content/uploads/2022/03/ElPmMl1RiKUhq-480x270.jpg]
[realnews7.xyz/2022/03/08/best-action-movies-2022-hollywood-action-movie-2022-full-length-english-hd-4/index.html]
[realnews7.xyz/wp-content/uploads/2022/03/d2-GCoOocSAhq-480x270.jpg]
[realnews7.xyz/2022/03/08/dawn-of-the-dead-best-action-movies-2022-hollywood-hd-action-movie-2022-full-length-english/index.html]
[realnews7.xyz/wp-content/uploads/2022/03/XHqCKxz-B-0hq-480x270.jpg]
[realnews7.xyz/2022/03/08/apex-new-hollywood-movie-in-hindi-dubbed-full-action-hd-2022/index.html]
[realnews7.xyz/2022/03/08/best-action-movies-2022-hollywood-hd-action-movie-2022-full-length-english/index.html]
[realnews7.xyz/2022/03/08/full-sexy-movie-hollywood-movie-tamil/index.html]
[realnews7.xyz/wp-content/uploads/2022/03/DQiRRPzuo9Isd-480x270.jpg]
[realnews7.xyz/wp-content/uploads/2022/03/aKb9uCXJn54sd-480x270.jpg]
[realnews7.xyz/2022/03/08/headed-shark-attack-2019-full-sexy-movie-hollywood-movie-tamil/index.html]
[realnews7.xyz/wp-content/uploads/2022/03/7_6aesf_A8Mhq-480x270.jpg]
[realnews7.xyz/wp-content/uploads/2022/03/GdrzosDu7c0sd-480x270.jpg]
[realnews7.xyz/2022/03/08/new-hollywood-hot-movies-2018-hindi-dubbed-full-action-adventure-movies/index.html]
[realnews7.xyz/wp-content/uploads/2022/03/FWlrQqV-Ir4sd-1-480x270.jpg]
[realnews7.xyz/2022/03/08/kingdom-lady-lets-war-begin-hollywood-war-movie-in-english-jason-statham-best-movies/index.html]
[realnews7.xyz/2022/03/08/vidyut-jammwal-jacqueline-fernandez-shahid-kapoor-newbollywood-movies-2022-full-hd-4k-2/index.html]
[realnews7.xyz/wp-content/uploads/2022/03/QMYi7Xfcgm8hq-480x270.jpg]
[realnews7.xyz/2022/03/08/hot-sexy-hollywood-movie-in-english-2020-latest-romantic-movie-2020/index.html]
[realnews7.xyz/wp-content/uploads/2022/03/HGatwQvEW8csd-480x270.jpg]
[realnews7.xyz/2022/03/08/dog-life-movie-explanation-in-hindi-movie-explained-in-hindi-movie-explanation-in-hindi/index.html]
[realnews7.xyz/wp-content/uploads/2022/03/dT987zqxGrksd-480x270.jpg]
[realnews7.xyz/2022/03/08/hollywood/index.html]
[realnews7.xyz/wp-content/uploads/2022/03/r5OoWH71-rosd-480x270.jpg]
[realnews7.xyz/wp-content/uploads/2022/03/7hJebY-NSmUsd-480x270.jpg]
[realnews7.xyz/2022/03/08/hollywood-movie-hindi-dubbed-hollywood-action-romantic-movie-in-hindi-dubbed-2022-2/index.html]
[realnews7.xyz/wp-content/uploads/2022/03/W16IOgMpM80sd-480x270.jpg]
[realnews7.xyz/2022/03/08/hollywood-movie-full-hindi-dubbed-2021-dino-wars-hollywood-action-movies-in-hindi-dubbed-2021/index.html]
[realnews7.xyz/2022/03/08/hot-romantic-movie-of-all-time-age-restricted-hot-movie-english-horror-thriller-virgin-witch/index.html]
[realnews7.xyz/wp-content/uploads/2022/03/rpT8yJxT-Tosd-480x270.jpg]
[realnews7.xyz/wp-content/uploads/2022/03/iFcml6Mnjfosd-480x270.jpg]
[realnews7.xyz/2022/03/08/killer-again-blockbuster-hit-hollywood-movie-in-hindi-hindi-dubbed-action-movie-2020-full-hd/index.html]
[realnews7.xyz/2022/03/08/bloody-train-ll-hollywood-adventure-thriller-movie-dubbed-in-hindi-ll-panipat-movies/index.html]
[realnews7.xyz/wp-content/uploads/2022/03/jHGTRyt1P-ssd-480x270.jpg]
[realnews7.xyz/wp-content/uploads/2022/03/pcFdUEtHROksd-480x270.jpg]
[realnews7.xyz/2022/03/08/mega-shark-vs-kolossus-hollywood-movie-hindi-dubbed-hollywood-action-movies-in-hindi-dubbed-full/index.html]
[realnews7.xyz/wp-content/uploads/2022/03/bdv52IdDXjosd-480x270.jpg]
[realnews7.xyz/2022/03/08/dragon-hunter-டிராகன்-ஹண்டர்-hollywood-movie-dubbed-in-tamil-tamil-movies/index.html]
[realnews7.xyz/2022/03/08/hollywood-movie-full-hindi-dubbed-sword-master-hollywood-action-movies-in-hindi-dubbed-full-film/index.html]
[realnews7.xyz/wp-content/uploads/2022/03/5q9Knl6X-9Msd-480x270.jpg]
[realnews7.xyz/wp-content/uploads/2022/03/Au1me7HfIi8sd-480x270.jpg]
[realnews7.xyz/2022/03/08/best-action-movies-2022-hollywood-action-movie-2022-full-length-english-hd-3/index.html]
[realnews7.xyz/2022/03/08/end-of-the-world-hindi-dubbed-movie-hollywood-movie-hollywood-movie-in-hindi/index.html]
[realnews7.xyz/wp-content/uploads/2022/03/o3j32GEuISssd-480x270.jpg]
[realnews7.xyz/wp-content/uploads/2022/03/WHZsiyvfATgsd-480x270.jpg]
[realnews7.xyz/2022/03/08/dwarf-of-power-full-action-movie-in-hindi-dub-hollywood-dubbed-movies/index.html]
[realnews7.xyz/2022/03/08/daysaster-ll-hollywood-sci-fi-adventure-movies-in-hindi-dubbed-full-movie/index.html]
[realnews7.xyz/wp-content/uploads/2022/03/5sGyMMpcbe4sd-480x270.jpg]
[realnews7.xyz/wp-content/uploads/2022/03/V2vL2likxHIhq-480x270.jpg]
[realnews7.xyz/2022/03/08/release-hollywood-movie-latest-hollywood-in-hindi-dubbed-action-romantic-movie/index.html]
[realnews7.xyz/wp-content/uploads/2022/03/fS2sU4Gw00Usd-480x270.jpg]
[realnews7.xyz/2022/03/08/best-scifi-hollywood-movie-hindi-dubbed/index.html]
[realnews7.xyz/wp-content/uploads/2022/03/q0nCO6MIrKMsd-480x270.jpg]
[realnews7.xyz/2022/03/08/iron-man-2-hollywood-hindi-dubbed-movie-2022-full-movie-iron-man-2-full-movie-hindi-dubbed/index.html]
[realnews7.xyz/2022/03/08/great-warrior-hollywood-movie-hindi-dubbed-hollywood-action-movies-in-hindi-hindi-action-movie/index.html]
[realnews7.xyz/wp-content/uploads/2022/03/3aihlVYs3d0sd-480x270.jpg]
[realnews7.xyz/wp-content/uploads/2022/03/U1gKO4QKi_0sd-480x270.jpg]
[realnews7.xyz/2022/03/08/jurassic-city-godzilla-vs-mechagodzilla-full-movie-latest-hollywood-hindi-dubbed-movie/index.html]
[realnews7.xyz/2022/03/08/best-hollywood-action-adventure-movie-2020-hindi-dubbed-new-action-movies-full-hd-dubbed-movie-2020/index.html]
[realnews7.xyz/wp-content/uploads/2022/03/0pfaMLK9nFcsd-480x270.jpg]
[realnews7.xyz/wp-content/uploads/2022/03/I9GEGXqEoDksd-480x270.jpg]
[realnews7.xyz/2022/03/08/king-kong-full-movie-hollywood-full-movie-2022-full-movies-in-english-𝐅𝐮𝐥𝐥-𝐇𝐃-1080/index.html]
[realnews7.xyz/2022/03/08/tdp-the-deadly-cop-hollywood-movie-hindi-dubbed-hollywood-action-movies-in-hindi-hindi-movie/index.html]
[realnews7.xyz/wp-content/uploads/2022/03/cCVMJuUlLiEsd-480x270.jpg]
[realnews7.xyz/wp-content/themes/enjoyvideo/assets/js/superfish74e5.js]
[realnews7.xyz/2022/03/08/jurassic-shark-full-movie-hindi-dubbed-hollywood-movie-sherry-thurig-kimberly-wolfe/index.html]
[realnews7.xyz/page/2/index.html]
[realnews7.xyz/wp-content/themes/enjoyvideo/assets/js/html574e5.js]
[realnews7.xyz/page/3/index.html]
[realnews7.xyz/wp-content/themes/enjoyvideo/assets/js/theia-sticky-sidebar74e5.js]
[realnews7.xyz/wp-content/themes/enjoyvideo/assets/js/index1eba.js]
[realnews7.xyz/wp-content/themes/enjoyvideo/assets/js/jquery.custom1eba.js]
[realnews7.xyz/index.html]
[realnews7.xyz/wp-includes/css/dist/block-library/style.min74e5.css]
[realnews7.xyz/wp-includes/fonts/dashicons7d4b.eot]
[realnews7.xyz/wp-includes/fonts/dashicons7d4b.ttf]
[realnews7.xyz/wp-includes/css/dashicons.min74e5.css]
[realnews7.xyz/wp-content/plugins/post-views-counter/css/frontend6895.css]
[realnews7.xyz/wp-content/themes/enjoyvideo/genericons/font/genericons-regular-webfont.eot]
[realnews7.xyz/wp-content/themes/enjoyvideo/genericons/font/genericons-regular-webfontd41d.eot]
[realnews7.xyz/wp-content/themes/enjoyvideo/genericons/font/genericons-regular-webfont.woff]
[realnews7.xyz/wp-content/themes/enjoyvideo/genericons/font/genericons-regular-webfont.ttf]
[realnews7.xyz/wp-content/themes/enjoyvideo/genericons/font/genericons-regular-webfont.svg]
[realnews7.xyz/wp-content/themes/enjoyvideo/assets/img/arrow-right.png]
[realnews7.xyz/wp-content/themes/enjoyvideo/assets/img/bx_loader.gif]
[realnews7.xyz/wp-content/themes/enjoyvideo/assets/img/left-chevron.png]
[realnews7.xyz/wp-content/themes/enjoyvideo/assets/img/right-chevron.png]
[realnews7.xyz/wp-content/themes/enjoyvideo/assets/img/controls.png]
[realnews7.xyz/wp-content/themes/enjoyvideo/style1eba.css]
[realnews7.xyz/wp-content/themes/enjoyvideo/dark1eba.css]
[realnews7.xyz/wp-content/themes/enjoyvideo/responsive1eba.css]
[realnews7.xyz/wp-content/themes/enjoyvideo/genericons/genericons74e5.css]
[realnews7.xyz/wp-includes/js/jquery/jquery.minaf6c.js]
[realnews7.xyz/wp-includes/js/jquery/jquery-migrate.mind617.js]
[realnews7.xyz/wp-content/themes/enjoyvideo/genericons/genericons/genericons.css]
[realnews7.xyz/wp-json/wp/v2/pages/2.json]
[realnews7.xyz/sample-page/feed/index.html]
[realnews7.xyz/wp-json/oembed/1.0/embed45c2.json]
[realnews7.xyz/wp-json/oembed/1.0/embed6468]
[realnews7.xyz/xmlrpc.php]
[realnews7.xyz/sample-page/index.html]
[realnews7.xyz/wp-json/wp/v2/posts/458.json]
[realnews7.xyz/2022/03/08/best-action-movies-2022-full-movie-english-hollywood-new-action-movies-2022-full-length-hd/feed/index.html]
[realnews7.xyz/wp-json/oembed/1.0/embed9722.json]
[realnews7.xyz/wp-json/oembed/1.0/embed198c]
[realnews7.xyz/wp-includes/js/comment-reply.min74e5.js]
[realnews7.xyz/2022/03/08/best-action-movies-2022-full-movie-english-hollywood-new-action-movies-2022-full-length-hd/index.html]
[realnews7.xyz/author/admin/index.html]
[realnews7.xyz/category/uncategorized/feed/index.html]
[realnews7.xyz/wp-json/wp/v2/categories/1.json]
[realnews7.xyz/category/uncategorized/index.html]
[realnews7.xyz/category/uncategorized/page/3/index.html]
[realnews7.xyz/category/uncategorized/page/2/index.html]
[realnews7.xyz/wp-json/wp/v2/posts/455.json]
[realnews7.xyz/wp-json/oembed/1.0/embedee0b.json]
[realnews7.xyz/2022/03/08/best-action-movies-2022-hollywood-action-movie-2022-full-length-english-hd-5/feed/index.html]
[realnews7.xyz/wp-json/oembed/1.0/embeddca2]
[realnews7.xyz/2022/03/08/best-action-movies-2022-hollywood-action-movie-2022-full-length-english-hd-5/index.html]
[realnews7.xyz/wp-json/wp/v2/posts/451.json]
[realnews7.xyz/2022/03/08/new-hollywood-movies-hindi-dubbed-2022-robotic-war-action-movie/feed/index.html]
[realnews7.xyz/wp-json/oembed/1.0/embed988d.json]
[realnews7.xyz/wp-json/oembed/1.0/embedcd28]
[realnews7.xyz/2022/03/08/new-hollywood-movies-hindi-dubbed-2022-robotic-war-action-movie/index.html]
[realnews7.xyz/2022/03/08/king-kong-full-movie-hollywood-full-movie-2022-full-movies-in-english-𝐅𝐮𝐥𝐥-𝐇𝐃-1080-2/index.html]
[realnews7.xyz/wp-json/wp/v2/posts/444.json]
[realnews7.xyz/2022/03/08/best-upcoming-movies-2021-2022-trailers/feed/index.html]
[realnews7.xyz/wp-json/oembed/1.0/embed4819.json]
[realnews7.xyz/wp-json/oembed/1.0/embed7f87]
[realnews7.xyz/2022/03/08/best-upcoming-movies-2021-2022-trailers/index.html]
[realnews7.xyz/wp-json/wp/v2/posts/440.json]
[realnews7.xyz/2022/03/08/2022-full-movie/feed/index.html]
[realnews7.xyz/wp-json/oembed/1.0/embed71af.json]
[realnews7.xyz/wp-json/oembed/1.0/embedaf35]
[realnews7.xyz/2022/03/08/2022-full-movie/index.html]
[realnews7.xyz/wp-json/wp/v2/posts/436.json]
[realnews7.xyz/2022/03/08/best-upcoming-movies-2022-trailers/feed/index.html]
[realnews7.xyz/wp-json/oembed/1.0/embed8710.json]
[realnews7.xyz/wp-json/oembed/1.0/embed5e09]
[realnews7.xyz/2022/03/08/best-upcoming-movies-2022-trailers/index.html]
[realnews7.xyz/wp-json/wp/v2/posts/432.json]
[realnews7.xyz/2022/03/08/best-action-movies-2022-hollywood-action-movie-2022-full-length-english-hd-4/feed/index.html]
[realnews7.xyz/wp-json/oembed/1.0/embedb221.json]
[realnews7.xyz/wp-json/oembed/1.0/embedccf5]
[realnews7.xyz/2022/03/08/best-action-movies-2022-hollywood-action-movie-2022-full-length-english-hd-4/index.html]
[realnews7.xyz/wp-json/wp/v2/posts/428.json]
[realnews7.xyz/2022/03/08/dawn-of-the-dead-best-action-movies-2022-hollywood-hd-action-movie-2022-full-length-english/feed/index.html]
[realnews7.xyz/wp-json/oembed/1.0/embeda09a.json]
[realnews7.xyz/wp-json/oembed/1.0/embed751f]
[realnews7.xyz/2022/03/08/dawn-of-the-dead-best-action-movies-2022-hollywood-hd-action-movie-2022-full-length-english/index.html]
[realnews7.xyz/wp-json/wp/v2/posts/424.json]
[realnews7.xyz/2022/03/08/apex-new-hollywood-movie-in-hindi-dubbed-full-action-hd-2022/feed/index.html]
[realnews7.xyz/wp-json/oembed/1.0/embedbe79.json]
[realnews7.xyz/wp-json/oembed/1.0/embed1cb9]
[realnews7.xyz/2022/03/08/apex-new-hollywood-movie-in-hindi-dubbed-full-action-hd-2022/index.html]
[realnews7.xyz/wp-json/wp/v2/posts/420.json]
[realnews7.xyz/2022/03/08/best-action-movies-2022-hollywood-hd-action-movie-2022-full-length-english/feed/index.html]
[realnews7.xyz/wp-json/oembed/1.0/embed65bd.json]
[realnews7.xyz/wp-json/oembed/1.0/embedfd93]
[realnews7.xyz/2022/03/08/best-action-movies-2022-hollywood-hd-action-movie-2022-full-length-english/index.html]
[realnews7.xyz/wp-json/wp/v2/posts/409.json]
[realnews7.xyz/2022/03/08/full-sexy-movie-hollywood-movie-tamil/feed/index.html]
[realnews7.xyz/wp-json/oembed/1.0/embed697e.json]
[realnews7.xyz/wp-json/oembed/1.0/embed5d3a]
[realnews7.xyz/2022/03/08/full-sexy-movie-hollywood-movie-tamil/index.html]
[realnews7.xyz/wp-json/wp/v2/posts/402.json]
[realnews7.xyz/2022/03/08/headed-shark-attack-2019-full-sexy-movie-hollywood-movie-tamil/feed/index.html]
[realnews7.xyz/wp-json/oembed/1.0/embed3bcf.json]
[realnews7.xyz/wp-json/oembed/1.0/embedad41]
[realnews7.xyz/2022/03/08/headed-shark-attack-2019-full-sexy-movie-hollywood-movie-tamil/index.html]
[realnews7.xyz/wp-json/wp/v2/posts/398.json]
[realnews7.xyz/2022/03/08/new-hollywood-hot-movies-2018-hindi-dubbed-full-action-adventure-movies/feed/index.html]
[realnews7.xyz/wp-json/oembed/1.0/embedc1ce.json]
[realnews7.xyz/wp-json/oembed/1.0/embedd36b]
[realnews7.xyz/2022/03/08/new-hollywood-hot-movies-2018-hindi-dubbed-full-action-adventure-movies/index.html]
[realnews7.xyz/wp-json/wp/v2/posts/394.json]
[realnews7.xyz/2022/03/08/kingdom-lady-lets-war-begin-hollywood-war-movie-in-english-jason-statham-best-movies/feed/index.html]
[realnews7.xyz/wp-json/oembed/1.0/embed9e37.json]
[realnews7.xyz/wp-json/oembed/1.0/embed9bef]
[realnews7.xyz/2022/03/08/kingdom-lady-lets-war-begin-hollywood-war-movie-in-english-jason-statham-best-movies/index.html]
[realnews7.xyz/wp-json/wp/v2/posts/391.json]
[realnews7.xyz/2022/03/08/vidyut-jammwal-jacqueline-fernandez-shahid-kapoor-newbollywood-movies-2022-full-hd-4k-2/feed/index.html]
[realnews7.xyz/wp-json/oembed/1.0/embed1526.json]
[realnews7.xyz/wp-json/oembed/1.0/embed20af]
[realnews7.xyz/2022/03/08/vidyut-jammwal-jacqueline-fernandez-shahid-kapoor-newbollywood-movies-2022-full-hd-4k-2/index.html]
[realnews7.xyz/wp-json/wp/v2/posts/387.json]
[realnews7.xyz/2022/03/08/hot-sexy-hollywood-movie-in-english-2020-latest-romantic-movie-2020/feed/index.html]
[realnews7.xyz/wp-json/oembed/1.0/embeda758.json]
[realnews7.xyz/wp-json/oembed/1.0/embedf950]
[realnews7.xyz/2022/03/08/hot-sexy-hollywood-movie-in-english-2020-latest-romantic-movie-2020/index.html]
[realnews7.xyz/wp-json/wp/v2/posts/383.json]
[realnews7.xyz/2022/03/08/dog-life-movie-explanation-in-hindi-movie-explained-in-hindi-movie-explanation-in-hindi/feed/index.html]
[realnews7.xyz/wp-json/oembed/1.0/embed2206.json]
[realnews7.xyz/wp-json/oembed/1.0/embed6d77]
[realnews7.xyz/2022/03/08/dog-life-movie-explanation-in-hindi-movie-explained-in-hindi-movie-explanation-in-hindi/index.html]
[realnews7.xyz/wp-json/wp/v2/posts/379.json]
[realnews7.xyz/2022/03/08/hollywood/feed/index.html]
[realnews7.xyz/wp-json/oembed/1.0/embed2e80.json]
[realnews7.xyz/wp-json/oembed/1.0/embed6482]
[realnews7.xyz/2022/03/08/hollywood/index.html]
[realnews7.xyz/wp-json/wp/v2/posts/375.json]
[realnews7.xyz/2022/03/08/hollywood-movie-hindi-dubbed-hollywood-action-romantic-movie-in-hindi-dubbed-2022-2/feed/index.html]
[realnews7.xyz/wp-json/oembed/1.0/embed4c38.json]
[realnews7.xyz/wp-json/oembed/1.0/embed906f]
[realnews7.xyz/2022/03/08/hollywood-movie-hindi-dubbed-hollywood-action-romantic-movie-in-hindi-dubbed-2022-2/index.html]
[realnews7.xyz/wp-json/wp/v2/posts/371.json]
[realnews7.xyz/2022/03/08/hollywood-movie-full-hindi-dubbed-2021-dino-wars-hollywood-action-movies-in-hindi-dubbed-2021/feed/index.html]
[realnews7.xyz/wp-json/oembed/1.0/embed7621.json]
[realnews7.xyz/wp-json/oembed/1.0/embed7e69]
[realnews7.xyz/2022/03/08/hollywood-movie-full-hindi-dubbed-2021-dino-wars-hollywood-action-movies-in-hindi-dubbed-2021/index.html]
[realnews7.xyz/wp-json/wp/v2/posts/363.json]
[realnews7.xyz/2022/03/08/hot-romantic-movie-of-all-time-age-restricted-hot-movie-english-horror-thriller-virgin-witch/feed/index.html]
[realnews7.xyz/wp-json/oembed/1.0/embedcedf.json]
[realnews7.xyz/wp-json/oembed/1.0/embedeb6f]
[realnews7.xyz/2022/03/08/hot-romantic-movie-of-all-time-age-restricted-hot-movie-english-horror-thriller-virgin-witch/index.html]
[realnews7.xyz/wp-json/wp/v2/posts/359.json]
[realnews7.xyz/2022/03/08/killer-again-blockbuster-hit-hollywood-movie-in-hindi-hindi-dubbed-action-movie-2020-full-hd/feed/index.html]
[realnews7.xyz/wp-json/oembed/1.0/embedb77d.json]
[realnews7.xyz/wp-json/oembed/1.0/embed998b]
[realnews7.xyz/2022/03/08/killer-again-blockbuster-hit-hollywood-movie-in-hindi-hindi-dubbed-action-movie-2020-full-hd/index.html]
[realnews7.xyz/wp-json/wp/v2/posts/355.json]
[realnews7.xyz/2022/03/08/bloody-train-ll-hollywood-adventure-thriller-movie-dubbed-in-hindi-ll-panipat-movies/feed/index.html]
[realnews7.xyz/wp-json/oembed/1.0/embed9cad.json]
[realnews7.xyz/wp-json/oembed/1.0/embed9d17]
[realnews7.xyz/2022/03/08/bloody-train-ll-hollywood-adventure-thriller-movie-dubbed-in-hindi-ll-panipat-movies/index.html]
[realnews7.xyz/wp-json/wp/v2/posts/351.json]
[realnews7.xyz/2022/03/08/mega-shark-vs-kolossus-hollywood-movie-hindi-dubbed-hollywood-action-movies-in-hindi-dubbed-full/feed/index.html]
[realnews7.xyz/wp-json/oembed/1.0/embed9e94.json]
[realnews7.xyz/wp-json/oembed/1.0/embed582e]
[realnews7.xyz/2022/03/08/mega-shark-vs-kolossus-hollywood-movie-hindi-dubbed-hollywood-action-movies-in-hindi-dubbed-full/index.html]
[realnews7.xyz/2022/03/08/dragon-hunter-டிராகன்-ஹண்டர்-hollywood-movie-dubbed-in-tamil-tamil-movies/index.html]
[realnews7.xyz/2022/03/08/hollywood-movie-full-hindi-dubbed-sword-master-hollywood-action-movies-in-hindi-dubbed-full-film/feed/index.html]
[realnews7.xyz/wp-json/wp/v2/posts/343.json]
[realnews7.xyz/wp-json/oembed/1.0/embed65e3.json]
[realnews7.xyz/wp-json/oembed/1.0/embed3bf3]
[realnews7.xyz/2022/03/08/hollywood-movie-full-hindi-dubbed-sword-master-hollywood-action-movies-in-hindi-dubbed-full-film/index.html]
[realnews7.xyz/wp-json/wp/v2/posts/339.json]
[realnews7.xyz/2022/03/08/best-action-movies-2022-hollywood-action-movie-2022-full-length-english-hd-3/feed/index.html]
[realnews7.xyz/wp-json/oembed/1.0/embed6d9d.json]
[realnews7.xyz/wp-json/oembed/1.0/embedb630]
[realnews7.xyz/2022/03/08/best-action-movies-2022-hollywood-action-movie-2022-full-length-english-hd-3/index.html]
[realnews7.xyz/wp-json/wp/v2/posts/335.json]
[realnews7.xyz/2022/03/08/end-of-the-world-hindi-dubbed-movie-hollywood-movie-hollywood-movie-in-hindi/feed/index.html]
[realnews7.xyz/wp-json/oembed/1.0/embedba28.json]
[realnews7.xyz/wp-json/oembed/1.0/embed4f1c]
[realnews7.xyz/2022/03/08/end-of-the-world-hindi-dubbed-movie-hollywood-movie-hollywood-movie-in-hindi/index.html]
[realnews7.xyz/wp-json/wp/v2/posts/331.json]
[realnews7.xyz/2022/03/08/dwarf-of-power-full-action-movie-in-hindi-dub-hollywood-dubbed-movies/feed/index.html]
[realnews7.xyz/wp-json/oembed/1.0/embed4f2f.json]
[realnews7.xyz/wp-json/oembed/1.0/embedebb9]
[realnews7.xyz/2022/03/08/dwarf-of-power-full-action-movie-in-hindi-dub-hollywood-dubbed-movies/index.html]
[realnews7.xyz/wp-json/wp/v2/posts/326.json]
[realnews7.xyz/2022/03/08/daysaster-ll-hollywood-sci-fi-adventure-movies-in-hindi-dubbed-full-movie/feed/index.html]
[realnews7.xyz/wp-json/oembed/1.0/embedc9a0.json]
[realnews7.xyz/wp-json/oembed/1.0/embed0d32]
[realnews7.xyz/2022/03/08/daysaster-ll-hollywood-sci-fi-adventure-movies-in-hindi-dubbed-full-movie/index.html]
[realnews7.xyz/wp-json/wp/v2/posts/322.json]
[realnews7.xyz/2022/03/08/release-hollywood-movie-latest-hollywood-in-hindi-dubbed-action-romantic-movie/feed/index.html]
[realnews7.xyz/wp-json/oembed/1.0/embed18c2.json]
[realnews7.xyz/wp-json/oembed/1.0/embedf6ea]
[realnews7.xyz/2022/03/08/release-hollywood-movie-latest-hollywood-in-hindi-dubbed-action-romantic-movie/index.html]
[realnews7.xyz/wp-json/wp/v2/posts/318.json]
[realnews7.xyz/2022/03/08/best-scifi-hollywood-movie-hindi-dubbed/feed/index.html]
[realnews7.xyz/wp-json/oembed/1.0/embed8848.json]
[realnews7.xyz/wp-json/oembed/1.0/embed1985]
[realnews7.xyz/2022/03/08/best-scifi-hollywood-movie-hindi-dubbed/index.html]
[realnews7.xyz/wp-json/wp/v2/posts/314.json]
[realnews7.xyz/2022/03/08/iron-man-2-hollywood-hindi-dubbed-movie-2022-full-movie-iron-man-2-full-movie-hindi-dubbed/feed/index.html]
[realnews7.xyz/wp-json/oembed/1.0/embed96b9.json]
[realnews7.xyz/wp-json/oembed/1.0/embed062d]
[realnews7.xyz/2022/03/08/iron-man-2-hollywood-hindi-dubbed-movie-2022-full-movie-iron-man-2-full-movie-hindi-dubbed/index.html]
[realnews7.xyz/wp-json/wp/v2/posts/310.json]
[realnews7.xyz/wp-json/oembed/1.0/embed7952.json]
[realnews7.xyz/2022/03/08/great-warrior-hollywood-movie-hindi-dubbed-hollywood-action-movies-in-hindi-hindi-action-movie/feed/index.html]
[realnews7.xyz/wp-json/oembed/1.0/embed761a]
[realnews7.xyz/2022/03/08/great-warrior-hollywood-movie-hindi-dubbed-hollywood-action-movies-in-hindi-hindi-action-movie/index.html]
[realnews7.xyz/2022/03/08/best-hollywood-action-adventure-movie-2020-hindi-dubbed-new-action-movies-full-hd-dubbed-movie-2020/feed/index.html]
[realnews7.xyz/wp-json/wp/v2/posts/306.json]
[realnews7.xyz/wp-json/oembed/1.0/embedc77d.json]
[realnews7.xyz/wp-json/oembed/1.0/embed69d0]
[realnews7.xyz/2022/03/08/best-hollywood-action-adventure-movie-2020-hindi-dubbed-new-action-movies-full-hd-dubbed-movie-2020/index.html]
[realnews7.xyz/wp-json/wp/v2/posts/251.json]
[realnews7.xyz/2022/03/08/jurassic-city-godzilla-vs-mechagodzilla-full-movie-latest-hollywood-hindi-dubbed-movie/feed/index.html]
[realnews7.xyz/wp-json/oembed/1.0/embed7241.json]
[realnews7.xyz/wp-json/oembed/1.0/embede6a7]
[realnews7.xyz/2022/03/08/jurassic-city-godzilla-vs-mechagodzilla-full-movie-latest-hollywood-hindi-dubbed-movie/index.html]
[realnews7.xyz/2022/03/08/king-kong-full-movie-hollywood-full-movie-2022-full-movies-in-english-𝐅𝐮𝐥𝐥-𝐇𝐃-1080/index.html]
[realnews7.xyz/wp-json/wp/v2/posts/253.json]
[realnews7.xyz/2022/03/08/tdp-the-deadly-cop-hollywood-movie-hindi-dubbed-hollywood-action-movies-in-hindi-hindi-movie/feed/index.html]
[realnews7.xyz/wp-json/oembed/1.0/embed015a.json]
[realnews7.xyz/wp-json/oembed/1.0/embed680d]
[realnews7.xyz/2022/03/08/tdp-the-deadly-cop-hollywood-movie-hindi-dubbed-hollywood-action-movies-in-hindi-hindi-movie/index.html]
[realnews7.xyz/wp-json/wp/v2/posts/254.json]
[realnews7.xyz/2022/03/08/jurassic-shark-full-movie-hindi-dubbed-hollywood-movie-sherry-thurig-kimberly-wolfe/feed/index.html]
[realnews7.xyz/wp-json/oembed/1.0/embede212.json]
[realnews7.xyz/wp-json/oembed/1.0/embed0d92]
[realnews7.xyz/2022/03/08/jurassic-shark-full-movie-hindi-dubbed-hollywood-movie-sherry-thurig-kimberly-wolfe/index.html]
[realnews7.xyz/wp-content/uploads/2022/03/nFG6LLFPNoYsd-480x270.jpg]
[realnews7.xyz/2022/03/08/thunder-blockbuster-hit-hollywood-movie-hindi-dubbed-romantic-movie-full-hd-1080p/index.html]
[realnews7.xyz/wp-content/uploads/2022/03/R4L3Ev5l1aAsd-480x270.jpg]
[realnews7.xyz/2022/03/08/truth-or-dare-action-hollywood-movie-in-hindi-tom-kane-liam-boyle-jack-gordon/index.html]
[realnews7.xyz/wp-content/uploads/2022/03/oj8baZ5tchgsd-480x270.jpg]
[realnews7.xyz/2022/03/08/cinco-de-mayo-hollywood-movie-hindi-dubbed-hollywood-in-hindi-dubbed-full-action-movie-4k/index.html]
[realnews7.xyz/wp-content/uploads/2022/03/93r1pcW9aXQsd-480x270.jpg]
[realnews7.xyz/2022/03/08/maneater-ll-hollywood-sci-fi-action-movie-ll-panipat-movies/index.html]
[realnews7.xyz/wp-content/uploads/2022/03/wZjFfArhOjssd-480x270.jpg]
[realnews7.xyz/2022/03/08/huntdown-ll-hollywood-mystery-thriller-movie-dubbed-in-hindi-ll-panipat-movies/index.html]
[realnews7.xyz/wp-content/uploads/2022/03/70ds9boAvCIsd-480x270.jpg]
[realnews7.xyz/wp-content/uploads/2022/03/fRp25CEU4Vssd-480x270.jpg]
[realnews7.xyz/2022/03/08/godzilla-vs-kong-full-movie-hollywood-full-movie-2022-full-movies-in-english-𝐅𝐮𝐥𝐥-𝐇𝐃-1080/index.html]
[realnews7.xyz/wp-content/uploads/2022/03/rKA2nnzeOAIsd-480x270.jpg]
[realnews7.xyz/2022/03/08/mystic-blade-hindi-dubbed-hollywood-action-full-movie-jawed-el-berni-don-ferguson/index.html]
[realnews7.xyz/wp-content/uploads/2022/03/qkqcp46GNcAhq-480x270.jpg]
[realnews7.xyz/2022/03/08/snake-king-hollywood-movie-hindi-dubbed-hollywood-action-movies-in-hindi-hindi-action-movie/index.html]
[realnews7.xyz/wp-content/uploads/2022/03/t2DCRSHWjfosd-480x270.jpg]
[realnews7.xyz/2022/03/08/hollywood-movie-in-hindi-_-sleeping-beauty-_-2004/index.html]
[realnews7.xyz/wp-content/uploads/2022/03/Op7QJ3G2ljQsd-480x270.jpg]
[realnews7.xyz/2022/03/08/naked-angels-full-romantic-hindi-dubbed-hollywood-movie/index.html]
[realnews7.xyz/wp-content/uploads/2022/03/Q1YEDC5RB0wsd-480x270.jpg]
[realnews7.xyz/2022/03/08/big-bad-bugs-full-hindi-movie-hollywood-action-movies-hindi-dubbed-action-movies/index.html]
[realnews7.xyz/wp-content/uploads/2022/03/JKh586-8mMsd-1-480x270.jpg]
[realnews7.xyz/2022/03/08/super-warrior-hollywood-fantasy-full-movie-dubbed-in-hindi-hd-thai-action-adventure-film-2022/index.html]
[realnews7.xyz/wp-content/uploads/2022/03/pK77COiO9qgsd-480x270.jpg]
[realnews7.xyz/2022/03/08/american-dracula-hollywood-movie-hindi-dubbed-hollywood-movies-in-hindi-dubbed-full-action-hd/index.html]
[realnews7.xyz/wp-content/uploads/2022/03/Yw-NrTTINwIsd-480x270.jpg]
[realnews7.xyz/2022/03/08/the-hunting-place-hollywood-hindi-dubbed-action-adventures-movie/index.html]
[realnews7.xyz/2022/03/08/the-pain-hollywood-action-movie-english-🎬exclusive-english-thriller-movies￼/index.html]
[realnews7.xyz/wp-content/uploads/2022/03/WDJ1Th-rTxcsd-480x270.jpg]
[realnews7.xyz/2022/03/08/jungle-disaster-hollywood-movie-in-hindi-dubbed/index.html]
[realnews7.xyz/wp-content/uploads/2022/03/azrsgFKLF5ksd-480x270.jpg]
[realnews7.xyz/2022/03/08/red-spring-released-hollywood-hindi-dub-movie-action-hollywood-movie-romantic-hollywood/index.html]
[realnews7.xyz/wp-content/uploads/2022/03/C1p2uEe8q8sd-480x270.jpg]
[realnews7.xyz/2022/03/08/uncharted-full-movie-in-hindi-dubbed-new-hollywood-movie-in-hindi-dubbed-hollywood-movie-hindi/index.html]
[realnews7.xyz/wp-content/uploads/2022/03/r2753MXkymIsd-480x270.jpg]
[realnews7.xyz/2022/03/08/joe-of-eternity-full-hollywood-movie-in-hindi-dubbed/index.html]
[realnews7.xyz/wp-content/uploads/2022/03/pGQV9DBjD8csd-480x270.jpg]
[realnews7.xyz/wp-content/uploads/2022/03/n84gCPboS3osd-480x270.jpg]
[realnews7.xyz/2022/03/08/hollywood-movie-hindi-dubbed-hollywood-action-romantic-movie-in-hindi-dubbed-2022/index.html]
[realnews7.xyz/wp-content/uploads/2022/03/eNX6SGn9wfAsd-480x270.jpg]
[realnews7.xyz/2022/03/08/break-adventure-movie-hollywood-movie-hindi-dubbed-vid-evolution-hollywood/index.html]
[realnews7.xyz/wp-content/uploads/2022/03/j73Bgvs6keQsd-480x270.jpg]
[realnews7.xyz/2022/03/08/hell-party-hollywood-hindi-dubbed-action-adventures-movie/index.html]
[realnews7.xyz/2022/03/08/faster-2-2022-latest-english-dubbed-movie-dwayne-johnson-action-full-hd-hollywood-movie/index.html]
[realnews7.xyz/wp-content/uploads/2022/03/buBZdFEmJmYhq-480x270.jpg]
[realnews7.xyz/wp-content/uploads/2022/03/dY_wqXWtFYgsd-480x270.jpg]
[realnews7.xyz/2022/03/08/spider-man-new-hollywood-movie-hindi-dubbed-2022/index.html]
[realnews7.xyz/wp-content/uploads/2022/03/YKvhNxLGi70sd-480x270.jpg]
[realnews7.xyz/2022/03/08/the-predator-action-movie-full-2022-english-movie-hollywood-movie-full-action-movie-2022-full/index.html]
[realnews7.xyz/2022/03/08/secret-war-hollywood-movie-hindi-dubbed-hollywood-action-movies-in-hindi-dubbed-full-hd/index.html]
[realnews7.xyz/wp-content/uploads/2022/03/HC5j8GOySCgsd-480x270.jpg]
[realnews7.xyz/wp-content/uploads/2022/03/u0JlLt-DD2Usd-480x270.jpg]
[realnews7.xyz/2022/03/08/hindi-dubbed-action-movie-hd-full-length-dubbed-movie-2019-hollywood-dubbed-adventures-movie/index.html]
[realnews7.xyz/2022/03/08/new-hollywood-hindi-dubbed-movie-action-movie-2022-hollywood-new-movie-hindi-dubbed/index.html]
[realnews7.xyz/wp-content/uploads/2022/03/Y2kx-NWFbzssd-480x270.jpg]
[realnews7.xyz/2022/03/08/best-science-fiction-hollywood-movie-in-hindi-dubbing-full-action-full-adventure-sci-fi-hindi/index.html]
[realnews7.xyz/wp-content/uploads/2022/03/GIJr4UfEz-0sd-480x270.jpg]
[realnews7.xyz/2022/03/08/secret-weapon-hindi-dubbed-hollywood-action-full-movie-maxim-animatekaevgeniy-antropov/index.html]
[realnews7.xyz/wp-content/uploads/2022/03/dOCmO7-NbWssd-480x270.jpg]
[realnews7.xyz/wp-content/uploads/2022/03/FWlrQqV-Ir4sd-480x270.jpg]
[realnews7.xyz/2022/03/08/new-cartoon-movie-in-hindi-2022-hollywood-animation-movies-hindi-cartoon-movie-in-hindi-dubbed/index.html]
[realnews7.xyz/wp-content/uploads/2022/03/88CHRA15G8Asd-480x270.jpg]
[realnews7.xyz/2022/03/08/vidyut-jammwal-jacqueline-fernandez-shahid-kapoor-newbollywood-movies-2022-full-hd-4k/index.html]
[realnews7.xyz/2022/03/08/eyes-latest-released-hollywood-hindi-dubbed-movie-horror-hollywood-movie-blockbuster-hollywood/index.html]
[realnews7.xyz/wp-content/uploads/2022/03/Zg1d4_RRPKMsd-480x270.jpg]
[realnews7.xyz/2022/03/08/best-action-movies-2022-hollywood-action-movie-2022-full-length-english-hd-2/index.html]
[realnews7.xyz/wp-content/uploads/2022/03/3brz9gmHuggsd-480x270.jpg]
[realnews7.xyz/2022/03/08/ghost-lady-2020-movie-full-hd-hollywood-hindi-dubbed-movies-2020-new-release-horror-movie-full/index.html]
[realnews7.xyz/wp-content/uploads/2022/03/vVK7hdIwbUAsd-480x270.jpg]
[realnews7.xyz/2022/03/08/the-danger-girls-bangali-dubbed-movie-hollywood-movie-in-bengali-dubbed-full-hd/index.html]
[realnews7.xyz/wp-content/uploads/2022/03/YjCWQ03Gqcssd-480x270.jpg]
[realnews7.xyz/wp-content/uploads/2022/03/hT-Bb-LhiMsd-480x270.jpg]
[realnews7.xyz/2022/03/08/airplane-vs-volcano-2014-hindi-dubbed-hollywood-movie-hindi-dubbed-movie-hollywood-hindi-movie/index.html]
[realnews7.xyz/2022/03/08/uss-seaviper-hindi-dubbed-full-movie-world-war-ii-base-movies-hollywood-action-movie-in-hindi/index.html]
[realnews7.xyz/wp-content/uploads/2022/03/d8WgGwXPBEcsd-480x270.jpg]
[realnews7.xyz/wp-content/uploads/2022/03/dYCd2I3Hrvgsd-480x270.jpg]
[realnews7.xyz/page/2/index.html]
[realnews7.xyz/2022/03/08/best-action-movies-2022-hollywood-action-movie-2022-full-length-english-hd/index.html]
[realnews7.xyz/wp-content/uploads/2022/03/RCht85xsK6ssd-480x270.jpg]
[realnews7.xyz/2022/03/08/dead-drop-c-i-a-hollywood-hindi-dub-full-movie-action-movie-hollywood-in-hindi/index.html]
[realnews7.xyz/wp-content/uploads/2022/03/K3WPzql7R3wsd-480x270.jpg]
[realnews7.xyz/2022/03/08/death-forest-hindi-dubbed-full-horror-movie-hd-hollywood-hindi-dubbed-movie/index.html]
[realnews7.xyz/2022/03/08/blockbuster-hit-hollywood-movie-in-hindi-dubbed-hindi-dubbed-action-movie-full-hd-1080p/index.html]
[realnews7.xyz/wp-content/uploads/2022/03/paV7cChlteIsd-480x270.jpg]
[realnews7.xyz/wp-content/uploads/2022/03/qD0ucpaZSzUsd-480x270.jpg]
[realnews7.xyz/2022/03/08/black-notice-full-hollywood-action-movie-in-hindi-dubbed/index.html]
[realnews7.xyz/2022/03/08/hollywood-movie-blade/index.html]
[realnews7.xyz/wp-content/uploads/2022/03/fYz5ILZzOqUsd-480x270.jpg]
[realnews7.xyz/2022/03/08/southern-attack-hollywood-movies-dubbed-in-hindi/index.html]
[realnews7.xyz/wp-content/uploads/2022/03/wEF_9ftSMQQsd-480x270.jpg]
[realnews7.xyz/wp-content/uploads/2022/03/ELzq3MSKercsd-480x270.jpg]
[realnews7.xyz/2022/03/08/dinosaurs-furious-hindi-dubbed-action-movie-hd-2021-hollywood-dubbed-adventures-movie/index.html]
[realnews7.xyz/2022/03/08/vin-diesel-blockbuster-action-movie-dubbed-in-hindi-the-scavngers-movie-explained-in-hindi-urdu-sci-fi-post-apocalyptic-thriller-epic/index.html]
[realnews7.xyz/wp-content/uploads/2022/03/vZf_4U-W1rcsd-480x270.jpg]
[realnews7.xyz/wp-content/uploads/2022/03/DsdS4WHkDdYsd-480x270.jpg]
[realnews7.xyz/2022/03/08/the-volcano-treasure-hunt-hollywood-movie-in-hindi-dubbed-full-action-hd-2021full-movie/index.html]
[realnews7.xyz/wp-content/uploads/2022/03/xI3qSnmAIFMsd-480x270.jpg]
[realnews7.xyz/2022/03/08/deadman-spirit-hollywood-movie-hindi-dubbed-hollywood-horror-movies-in-hindi-dubbed-full-hd/index.html]
[realnews7.xyz/2022/03/08/blockbuster-hollywood-full-length-hd-movie-hindi-dubbed/index.html]
[realnews7.xyz/wp-content/uploads/2022/03/E60InasT3m0sd-480x270.jpg]
[realnews7.xyz/2022/03/08/2021-tamil-action-movie-tony-jaa-hollywood-movie-in-tamil-dubbed-english-movies-2021-full-movie/index.html]
[realnews7.xyz/wp-content/uploads/2022/03/Ufucgn-bf1gsd-480x270.jpg]
[realnews7.xyz/2022/03/08/battlefield-2021-hollywood-movie-full-hindi-dubbed-hollywood-action-movies-in-hindi-dubbed-full/index.html]
[realnews7.xyz/wp-content/uploads/2022/03/KXJF-kDcThUsd-480x270.jpg]
[realnews7.xyz/2022/03/08/niper-legacy-movie-hindi-full/index.html]
[realnews7.xyz/wp-content/uploads/2022/03/ya2FCm-RrFksd-480x270.jpg]
[realnews7.xyz/2022/03/08/dr-strange-full-movie-in-hindi-dubbed-new-hollywood-movies-in-hindi/index.html]
[realnews7.xyz/wp-content/uploads/2022/03/nNe3Ucvp5GUsd-480x270.jpg]
[realnews7.xyz/2022/03/08/new-action-movie-hollywood-2021-the-matrix-resurrections-2021-full-movies-full-length-english-hd/index.html]
[realnews7.xyz/wp-content/uploads/2022/03/tNQ1ikl_F4wsd-480x270.jpg]
[realnews7.xyz/wp-content/uploads/2022/03/z7ni9nALTtUsd.jpg]
[realnews7.xyz/2022/03/08/jacky-chan-full-movie-2021-➤-full-mystery-movies-2021-➤-action-movies-2021-full-movie-english/index.html]
[realnews7.xyz/wp-content/uploads/2022/03/WwtK8FYWWn0hq.jpg]
[realnews7.xyz/2022/03/08/maleficent-2-full-movie-hollywood-full-movie-2020-full-movies-in-english-𝐅𝐮𝐥𝐥-𝐇𝐃-1080/index.html]
[realnews7.xyz/wp-content/uploads/2022/03/niwfJJZrLuMsd.jpg]
[realnews7.xyz/2022/03/08/the-amazing-spider-man-2-hindi-dubbed-spidey-movies/index.html]
[realnews7.xyz/wp-content/uploads/2022/03/lGtoY2HWdlMsd.jpg]
[realnews7.xyz/2022/03/08/mermaid-returns-2021-new-hollywood-movie-in-hindi-dubbed/index.html]
[realnews7.xyz/2022/03/08/take-back-jason-statham-action-movies-2021-full-movie-english/index.html]
[realnews7.xyz/wp-content/uploads/2022/03/sddefault.jpg]
[realnews7.xyz/page/3/index.html]
[realnews7.xyz/wp-content/themes/enjoyvideo/assets/js/superfish74e5.js]
[realnews7.xyz/wp-content/themes/enjoyvideo/assets/js/html574e5.js]
[realnews7.xyz/wp-content/themes/enjoyvideo/assets/js/theia-sticky-sidebar74e5.js]
[realnews7.xyz/wp-content/themes/enjoyvideo/assets/js/index1eba.js]
[realnews7.xyz/wp-content/themes/enjoyvideo/assets/js/jquery.custom1eba.js]
[realnews7.xyz/wp-content/themes/enjoyvideo/genericons/font/genericons-regular-webfont.svg]
[realnews7.xyz/2022/03/08/hacker-new-hollywood-movie/index.html]
[realnews7.xyz/wp-content/themes/enjoyvideo/genericons/genericons/Genericons.eot]
[realnews7.xyz/wp-content/themes/enjoyvideo/genericons/genericons/Genericonsd41d.eot]
[realnews7.xyz/wp-content/themes/enjoyvideo/genericons/genericons/Genericons.ttf]
[realnews7.xyz/wp-content/themes/enjoyvideo/genericons/genericons/genericons.css]
[realnews7.xyz/index905b.html]
[realnews7.xyz/xmlrpc.php]
[realnews7.xyz/wp-content/themes/enjoyvideo/genericons/genericons/Genericons.svg]
[realnews7.xyz/wp-logina370.html]
[realnews7.xyz/wp-admin/index.html]
[realnews7.xyz/indexf7f8.html]
[realnews7.xyz/wp-json/wp/v2/users/1.json]
[realnews7.xyz/author/admin/index.html]
[realnews7.xyz/wp-includes/js/comment-reply.min74e5.js]
[realnews7.xyz/category/uncategorized/page/2/index.html]
[realnews7.xyz/category/uncategorized/page/3/index.html]
[realnews7.xyz/index9e38.html]
[realnews7.xyz/indexc31c.html]
[realnews7.xyz/indexb284.html]
[realnews7.xyz/indexe982.html]
[realnews7.xyz/indexc1f6.html]
[realnews7.xyz/indexecc4.html]
[realnews7.xyz/indexc7ce.html]
[realnews7.xyz/index007a.html]
[realnews7.xyz/index17d3.html]
[realnews7.xyz/indexe145.html]
[realnews7.xyz/index2e64.html]
[realnews7.xyz/index9d24.html]
[realnews7.xyz/index51fe.html]
[realnews7.xyz/index64d4.html]
[realnews7.xyz/index1caa.html]
[realnews7.xyz/index3f97.html]
[realnews7.xyz/index60bd.html]
[realnews7.xyz/index3922.html]
[realnews7.xyz/index9f0a.html]
[realnews7.xyz/index481e.html]
[realnews7.xyz/indexcaf0.html]
[realnews7.xyz/indexc9bf.html]
[realnews7.xyz/indexec81.html]
[realnews7.xyz/index3e1b.html]
[realnews7.xyz/indexb247.html]
[realnews7.xyz/index5294.html]
[realnews7.xyz/index371d.html]
[realnews7.xyz/index4bd3.html]
[realnews7.xyz/indexeffc.html]
[realnews7.xyz/indexcb8c.html]
[realnews7.xyz/index1031.html]
[realnews7.xyz/index90b2.html]
[realnews7.xyz/indexf167.html]
[realnews7.xyz/indexd6e1.html]
[realnews7.xyz/index5ed0.html]
[realnews7.xyz/index6233.html]
[realnews7.xyz/author/admin/feed/index.html]
[realnews7.xyz/author/admin/page/2/index.html]
[realnews7.xyz/author/admin/page/3/index.html]
[realnews7.xyz/2022/03/08/thunder-blockbuster-hit-hollywood-movie-hindi-dubbed-romantic-movie-full-hd-1080p/feed/index.html]
[realnews7.xyz/wp-json/wp/v2/posts/255.json]
[realnews7.xyz/wp-json/oembed/1.0/embed4e12.json]
[realnews7.xyz/wp-json/oembed/1.0/embeda39c]
[realnews7.xyz/2022/03/08/thunder-blockbuster-hit-hollywood-movie-hindi-dubbed-romantic-movie-full-hd-1080p/index.html]
[realnews7.xyz/wp-json/wp/v2/posts/256.json]
[realnews7.xyz/2022/03/08/truth-or-dare-action-hollywood-movie-in-hindi-tom-kane-liam-boyle-jack-gordon/feed/index.html]
[realnews7.xyz/wp-json/oembed/1.0/embedca15.json]
[realnews7.xyz/wp-json/oembed/1.0/embed4d7f]
[realnews7.xyz/2022/03/08/truth-or-dare-action-hollywood-movie-in-hindi-tom-kane-liam-boyle-jack-gordon/index.html]
[realnews7.xyz/wp-json/wp/v2/posts/257.json]
[realnews7.xyz/2022/03/08/cinco-de-mayo-hollywood-movie-hindi-dubbed-hollywood-in-hindi-dubbed-full-action-movie-4k/feed/index.html]
[realnews7.xyz/wp-json/oembed/1.0/embede449.json]
[realnews7.xyz/wp-json/oembed/1.0/embed836d]
[realnews7.xyz/2022/03/08/cinco-de-mayo-hollywood-movie-hindi-dubbed-hollywood-in-hindi-dubbed-full-action-movie-4k/index.html]
[realnews7.xyz/2022/03/08/maneater-ll-hollywood-sci-fi-action-movie-ll-panipat-movies/feed/index.html]
[realnews7.xyz/wp-json/wp/v2/posts/258.json]
[realnews7.xyz/wp-json/oembed/1.0/embed52a8.json]
[realnews7.xyz/wp-json/oembed/1.0/embedf8fc]
[realnews7.xyz/2022/03/08/maneater-ll-hollywood-sci-fi-action-movie-ll-panipat-movies/index.html]
[realnews7.xyz/wp-json/wp/v2/posts/259.json]
[realnews7.xyz/2022/03/08/huntdown-ll-hollywood-mystery-thriller-movie-dubbed-in-hindi-ll-panipat-movies/feed/index.html]
[realnews7.xyz/wp-json/oembed/1.0/embedffef.json]
[realnews7.xyz/wp-json/oembed/1.0/embed1859]
[realnews7.xyz/2022/03/08/huntdown-ll-hollywood-mystery-thriller-movie-dubbed-in-hindi-ll-panipat-movies/index.html]
[realnews7.xyz/2022/03/08/godzilla-vs-kong-full-movie-hollywood-full-movie-2022-full-movies-in-english-𝐅𝐮𝐥𝐥-𝐇𝐃-1080/index.html]
[realnews7.xyz/wp-json/wp/v2/posts/261.json]
[realnews7.xyz/2022/03/08/mystic-blade-hindi-dubbed-hollywood-action-full-movie-jawed-el-berni-don-ferguson/feed/index.html]
[realnews7.xyz/wp-json/oembed/1.0/embed550c.json]
[realnews7.xyz/wp-json/oembed/1.0/embed73e6]
[realnews7.xyz/2022/03/08/mystic-blade-hindi-dubbed-hollywood-action-full-movie-jawed-el-berni-don-ferguson/index.html]
[realnews7.xyz/wp-json/wp/v2/posts/262.json]
[realnews7.xyz/2022/03/08/snake-king-hollywood-movie-hindi-dubbed-hollywood-action-movies-in-hindi-hindi-action-movie/feed/index.html]
[realnews7.xyz/wp-json/oembed/1.0/embed34be.json]
[realnews7.xyz/wp-json/oembed/1.0/embed9b49]
[realnews7.xyz/2022/03/08/snake-king-hollywood-movie-hindi-dubbed-hollywood-action-movies-in-hindi-hindi-action-movie/index.html]
[realnews7.xyz/2022/03/08/hollywood-movie-in-hindi-_-sleeping-beauty-_-2004/feed/index.html]
[realnews7.xyz/wp-json/wp/v2/posts/263.json]
[realnews7.xyz/wp-json/oembed/1.0/embeda054.json]
[realnews7.xyz/wp-json/oembed/1.0/embed1102]
[realnews7.xyz/2022/03/08/hollywood-movie-in-hindi-_-sleeping-beauty-_-2004/index.html]
[realnews7.xyz/wp-json/wp/v2/posts/264.json]
[realnews7.xyz/2022/03/08/naked-angels-full-romantic-hindi-dubbed-hollywood-movie/feed/index.html]
[realnews7.xyz/wp-json/oembed/1.0/embedcd03.json]
[realnews7.xyz/wp-json/oembed/1.0/embed8b4a]
[realnews7.xyz/2022/03/08/naked-angels-full-romantic-hindi-dubbed-hollywood-movie/index.html]
[realnews7.xyz/wp-json/wp/v2/posts/247.json]
[realnews7.xyz/2022/03/08/big-bad-bugs-full-hindi-movie-hollywood-action-movies-hindi-dubbed-action-movies/feed/index.html]
[realnews7.xyz/wp-json/oembed/1.0/embed14e3.json]
[realnews7.xyz/wp-json/oembed/1.0/embed7925]
[realnews7.xyz/2022/03/08/big-bad-bugs-full-hindi-movie-hollywood-action-movies-hindi-dubbed-action-movies/index.html]
[realnews7.xyz/wp-json/wp/v2/posts/243.json]
[realnews7.xyz/2022/03/08/super-warrior-hollywood-fantasy-full-movie-dubbed-in-hindi-hd-thai-action-adventure-film-2022/feed/index.html]
[realnews7.xyz/wp-json/oembed/1.0/embed95e6.json]
[realnews7.xyz/wp-json/oembed/1.0/embed0967]
[realnews7.xyz/2022/03/08/super-warrior-hollywood-fantasy-full-movie-dubbed-in-hindi-hd-thai-action-adventure-film-2022/index.html]
[realnews7.xyz/wp-json/wp/v2/posts/239.json]
[realnews7.xyz/2022/03/08/american-dracula-hollywood-movie-hindi-dubbed-hollywood-movies-in-hindi-dubbed-full-action-hd/feed/index.html]
[realnews7.xyz/wp-json/oembed/1.0/embed7ea0.json]
[realnews7.xyz/wp-json/oembed/1.0/embedd387]
[realnews7.xyz/2022/03/08/american-dracula-hollywood-movie-hindi-dubbed-hollywood-movies-in-hindi-dubbed-full-action-hd/index.html]
[realnews7.xyz/2022/03/08/the-hunting-place-hollywood-hindi-dubbed-action-adventures-movie/feed/index.html]
[realnews7.xyz/wp-json/wp/v2/posts/235.json]
[realnews7.xyz/wp-json/oembed/1.0/embed067c.json]
[realnews7.xyz/wp-json/oembed/1.0/embed0015]
[realnews7.xyz/2022/03/08/the-hunting-place-hollywood-hindi-dubbed-action-adventures-movie/index.html]
[realnews7.xyz/2022/03/08/the-pain-hollywood-action-movie-english-🎬exclusive-english-thriller-movies￼/index.html]
[realnews7.xyz/wp-json/wp/v2/posts/227.json]
[realnews7.xyz/2022/03/08/jungle-disaster-hollywood-movie-in-hindi-dubbed/feed/index.html]
[realnews7.xyz/wp-json/oembed/1.0/embeddeae.json]
[realnews7.xyz/wp-json/oembed/1.0/embedb55b]
[realnews7.xyz/2022/03/08/jungle-disaster-hollywood-movie-in-hindi-dubbed/index.html]
[realnews7.xyz/wp-json/wp/v2/posts/223.json]
[realnews7.xyz/2022/03/08/red-spring-released-hollywood-hindi-dub-movie-action-hollywood-movie-romantic-hollywood/feed/index.html]
[realnews7.xyz/wp-json/oembed/1.0/embedf8b9.json]
[realnews7.xyz/wp-json/oembed/1.0/embeddf60]
[realnews7.xyz/2022/03/08/red-spring-released-hollywood-hindi-dub-movie-action-hollywood-movie-romantic-hollywood/index.html]
[realnews7.xyz/wp-json/wp/v2/posts/219.json]
[realnews7.xyz/2022/03/08/uncharted-full-movie-in-hindi-dubbed-new-hollywood-movie-in-hindi-dubbed-hollywood-movie-hindi/feed/index.html]
[realnews7.xyz/wp-json/oembed/1.0/embed1b7d.json]
[realnews7.xyz/wp-json/oembed/1.0/embedc06b]
[realnews7.xyz/2022/03/08/uncharted-full-movie-in-hindi-dubbed-new-hollywood-movie-in-hindi-dubbed-hollywood-movie-hindi/index.html]
[realnews7.xyz/wp-json/wp/v2/posts/215.json]
[realnews7.xyz/2022/03/08/joe-of-eternity-full-hollywood-movie-in-hindi-dubbed/feed/index.html]
[realnews7.xyz/wp-json/oembed/1.0/embedfc46.json]
[realnews7.xyz/wp-json/oembed/1.0/embedcf41]
[realnews7.xyz/2022/03/08/joe-of-eternity-full-hollywood-movie-in-hindi-dubbed/index.html]
[realnews7.xyz/wp-json/wp/v2/posts/211.json]
[realnews7.xyz/2022/03/08/hollywood-movie-hindi-dubbed-hollywood-action-romantic-movie-in-hindi-dubbed-2022/feed/index.html]
[realnews7.xyz/wp-json/oembed/1.0/embeda0b0.json]
[realnews7.xyz/wp-json/oembed/1.0/embed413c]
[realnews7.xyz/2022/03/08/hollywood-movie-hindi-dubbed-hollywood-action-romantic-movie-in-hindi-dubbed-2022/index.html]
[realnews7.xyz/wp-json/wp/v2/posts/207.json]
[realnews7.xyz/2022/03/08/break-adventure-movie-hollywood-movie-hindi-dubbed-vid-evolution-hollywood/feed/index.html]
[realnews7.xyz/wp-json/oembed/1.0/embeda085.json]
[realnews7.xyz/wp-json/oembed/1.0/embed7ca5]
[realnews7.xyz/2022/03/08/break-adventure-movie-hollywood-movie-hindi-dubbed-vid-evolution-hollywood/index.html]
[realnews7.xyz/wp-json/wp/v2/posts/203.json]
[realnews7.xyz/2022/03/08/hell-party-hollywood-hindi-dubbed-action-adventures-movie/feed/index.html]
[realnews7.xyz/wp-json/oembed/1.0/embed46f4.json]
[realnews7.xyz/wp-json/oembed/1.0/embed02e9]
[realnews7.xyz/2022/03/08/hell-party-hollywood-hindi-dubbed-action-adventures-movie/index.html]
[realnews7.xyz/wp-json/wp/v2/posts/199.json]
[realnews7.xyz/2022/03/08/faster-2-2022-latest-english-dubbed-movie-dwayne-johnson-action-full-hd-hollywood-movie/feed/index.html]
[realnews7.xyz/wp-json/oembed/1.0/embed9ff1.json]
[realnews7.xyz/wp-json/oembed/1.0/embed78e4]
[realnews7.xyz/2022/03/08/faster-2-2022-latest-english-dubbed-movie-dwayne-johnson-action-full-hd-hollywood-movie/index.html]
[realnews7.xyz/wp-json/wp/v2/posts/195.json]
[realnews7.xyz/2022/03/08/spider-man-new-hollywood-movie-hindi-dubbed-2022/feed/index.html]
[realnews7.xyz/wp-json/oembed/1.0/embedea39.json]
[realnews7.xyz/wp-json/oembed/1.0/embedf034]
[realnews7.xyz/2022/03/08/spider-man-new-hollywood-movie-hindi-dubbed-2022/index.html]
[realnews7.xyz/2022/03/08/the-predator-action-movie-full-2022-english-movie-hollywood-movie-full-action-movie-2022-full/feed/index.html]
[realnews7.xyz/wp-json/wp/v2/posts/191.json]
[realnews7.xyz/wp-json/oembed/1.0/embedb316.json]
[realnews7.xyz/wp-json/oembed/1.0/embedd63b]
[realnews7.xyz/2022/03/08/the-predator-action-movie-full-2022-english-movie-hollywood-movie-full-action-movie-2022-full/index.html]
[realnews7.xyz/wp-json/wp/v2/posts/187.json]
[realnews7.xyz/2022/03/08/secret-war-hollywood-movie-hindi-dubbed-hollywood-action-movies-in-hindi-dubbed-full-hd/feed/index.html]
[realnews7.xyz/wp-json/oembed/1.0/embedd7a8.json]
[realnews7.xyz/wp-json/oembed/1.0/embed6501]
[realnews7.xyz/2022/03/08/secret-war-hollywood-movie-hindi-dubbed-hollywood-action-movies-in-hindi-dubbed-full-hd/index.html]
[realnews7.xyz/2022/03/08/hindi-dubbed-action-movie-hd-full-length-dubbed-movie-2019-hollywood-dubbed-adventures-movie/feed/index.html]
[realnews7.xyz/wp-json/wp/v2/posts/183.json]
[realnews7.xyz/wp-json/oembed/1.0/embed78c3.json]
[realnews7.xyz/wp-json/oembed/1.0/embed051b]
[realnews7.xyz/2022/03/08/hindi-dubbed-action-movie-hd-full-length-dubbed-movie-2019-hollywood-dubbed-adventures-movie/index.html]
[realnews7.xyz/wp-json/wp/v2/posts/179.json]
[realnews7.xyz/2022/03/08/new-hollywood-hindi-dubbed-movie-action-movie-2022-hollywood-new-movie-hindi-dubbed/feed/index.html]
[realnews7.xyz/wp-json/oembed/1.0/embed9049.json]
[realnews7.xyz/wp-json/oembed/1.0/embed5b2e]
[realnews7.xyz/2022/03/08/new-hollywood-hindi-dubbed-movie-action-movie-2022-hollywood-new-movie-hindi-dubbed/index.html]
[realnews7.xyz/wp-json/wp/v2/posts/175.json]
[realnews7.xyz/2022/03/08/best-science-fiction-hollywood-movie-in-hindi-dubbing-full-action-full-adventure-sci-fi-hindi/feed/index.html]
[realnews7.xyz/wp-json/oembed/1.0/embedf86a.json]
[realnews7.xyz/wp-json/oembed/1.0/embed553a]
[realnews7.xyz/2022/03/08/best-science-fiction-hollywood-movie-in-hindi-dubbing-full-action-full-adventure-sci-fi-hindi/index.html]
[realnews7.xyz/wp-json/wp/v2/posts/170.json]
[realnews7.xyz/2022/03/08/secret-weapon-hindi-dubbed-hollywood-action-full-movie-maxim-animatekaevgeniy-antropov/feed/index.html]
[realnews7.xyz/wp-json/oembed/1.0/embed2be1.json]
[realnews7.xyz/wp-json/oembed/1.0/embed4c85]
[realnews7.xyz/2022/03/08/secret-weapon-hindi-dubbed-hollywood-action-full-movie-maxim-animatekaevgeniy-antropov/index.html]
[realnews7.xyz/wp-json/wp/v2/posts/166.json]
[realnews7.xyz/2022/03/08/new-cartoon-movie-in-hindi-2022-hollywood-animation-movies-hindi-cartoon-movie-in-hindi-dubbed/feed/index.html]
[realnews7.xyz/wp-json/oembed/1.0/embeda079.json]
[realnews7.xyz/wp-json/oembed/1.0/embeddef3]
[realnews7.xyz/2022/03/08/new-cartoon-movie-in-hindi-2022-hollywood-animation-movies-hindi-cartoon-movie-in-hindi-dubbed/index.html]
[realnews7.xyz/wp-json/wp/v2/posts/162.json]
[realnews7.xyz/2022/03/08/vidyut-jammwal-jacqueline-fernandez-shahid-kapoor-newbollywood-movies-2022-full-hd-4k/feed/index.html]
[realnews7.xyz/wp-json/oembed/1.0/embede9ed.json]
[realnews7.xyz/wp-json/oembed/1.0/embed5c2c]
[realnews7.xyz/2022/03/08/vidyut-jammwal-jacqueline-fernandez-shahid-kapoor-newbollywood-movies-2022-full-hd-4k/index.html]
[realnews7.xyz/wp-json/wp/v2/posts/158.json]
[realnews7.xyz/2022/03/08/eyes-latest-released-hollywood-hindi-dubbed-movie-horror-hollywood-movie-blockbuster-hollywood/feed/index.html]
[realnews7.xyz/wp-json/oembed/1.0/embedcae4.json]
[realnews7.xyz/wp-json/oembed/1.0/embed6abb]
[realnews7.xyz/2022/03/08/eyes-latest-released-hollywood-hindi-dubbed-movie-horror-hollywood-movie-blockbuster-hollywood/index.html]
[realnews7.xyz/2022/03/08/best-action-movies-2022-hollywood-action-movie-2022-full-length-english-hd-2/feed/index.html]
[realnews7.xyz/wp-json/wp/v2/posts/154.json]
[realnews7.xyz/wp-json/oembed/1.0/embedb2fb.json]
[realnews7.xyz/wp-json/oembed/1.0/embed9b46]
[realnews7.xyz/2022/03/08/best-action-movies-2022-hollywood-action-movie-2022-full-length-english-hd-2/index.html]
[realnews7.xyz/wp-json/wp/v2/posts/150.json]
[realnews7.xyz/2022/03/08/ghost-lady-2020-movie-full-hd-hollywood-hindi-dubbed-movies-2020-new-release-horror-movie-full/feed/index.html]
[realnews7.xyz/wp-json/oembed/1.0/embed7224.json]
[realnews7.xyz/wp-json/oembed/1.0/embed6c0b]
[realnews7.xyz/2022/03/08/ghost-lady-2020-movie-full-hd-hollywood-hindi-dubbed-movies-2020-new-release-horror-movie-full/index.html]
[realnews7.xyz/wp-json/wp/v2/posts/146.json]
[realnews7.xyz/2022/03/08/the-danger-girls-bangali-dubbed-movie-hollywood-movie-in-bengali-dubbed-full-hd/feed/index.html]
[realnews7.xyz/wp-json/oembed/1.0/embedc3db.json]
[realnews7.xyz/wp-json/oembed/1.0/embed74fa]
[realnews7.xyz/2022/03/08/the-danger-girls-bangali-dubbed-movie-hollywood-movie-in-bengali-dubbed-full-hd/index.html]
[realnews7.xyz/wp-json/wp/v2/posts/142.json]
[realnews7.xyz/2022/03/08/airplane-vs-volcano-2014-hindi-dubbed-hollywood-movie-hindi-dubbed-movie-hollywood-hindi-movie/feed/index.html]
[realnews7.xyz/wp-json/oembed/1.0/embed8a7e.json]
[realnews7.xyz/wp-json/oembed/1.0/embed7718]
[realnews7.xyz/2022/03/08/airplane-vs-volcano-2014-hindi-dubbed-hollywood-movie-hindi-dubbed-movie-hollywood-hindi-movie/index.html]
[realnews7.xyz/wp-json/wp/v2/posts/138.json]
[realnews7.xyz/2022/03/08/uss-seaviper-hindi-dubbed-full-movie-world-war-ii-base-movies-hollywood-action-movie-in-hindi/feed/index.html]
[realnews7.xyz/wp-json/oembed/1.0/embed2d19.json]
[realnews7.xyz/wp-json/oembed/1.0/embed4f29]
[realnews7.xyz/2022/03/08/uss-seaviper-hindi-dubbed-full-movie-world-war-ii-base-movies-hollywood-action-movie-in-hindi/index.html]
[realnews7.xyz/wp-json/wp/v2/posts/134.json]
[realnews7.xyz/2022/03/08/best-action-movies-2022-hollywood-action-movie-2022-full-length-english-hd/feed/index.html]
[realnews7.xyz/wp-json/oembed/1.0/embed7800.json]
[realnews7.xyz/wp-json/oembed/1.0/embed408f]
[realnews7.xyz/2022/03/08/best-action-movies-2022-hollywood-action-movie-2022-full-length-english-hd/index.html]
[realnews7.xyz/wp-json/wp/v2/posts/130.json]
[realnews7.xyz/2022/03/08/dead-drop-c-i-a-hollywood-hindi-dub-full-movie-action-movie-hollywood-in-hindi/feed/index.html]
[realnews7.xyz/wp-json/oembed/1.0/embed65f0.json]
[realnews7.xyz/wp-json/oembed/1.0/embedab5c]
[realnews7.xyz/2022/03/08/dead-drop-c-i-a-hollywood-hindi-dub-full-movie-action-movie-hollywood-in-hindi/index.html]
[realnews7.xyz/wp-json/wp/v2/posts/126.json]
[realnews7.xyz/2022/03/08/death-forest-hindi-dubbed-full-horror-movie-hd-hollywood-hindi-dubbed-movie/feed/index.html]
[realnews7.xyz/wp-json/oembed/1.0/embeda873.json]
[realnews7.xyz/wp-json/oembed/1.0/embed43ae]
[realnews7.xyz/2022/03/08/death-forest-hindi-dubbed-full-horror-movie-hd-hollywood-hindi-dubbed-movie/index.html]
[realnews7.xyz/wp-json/wp/v2/posts/122.json]
[realnews7.xyz/2022/03/08/blockbuster-hit-hollywood-movie-in-hindi-dubbed-hindi-dubbed-action-movie-full-hd-1080p/feed/index.html]
[realnews7.xyz/wp-json/oembed/1.0/embedf7be.json]
[realnews7.xyz/wp-json/oembed/1.0/embed8042]
[realnews7.xyz/2022/03/08/blockbuster-hit-hollywood-movie-in-hindi-dubbed-hindi-dubbed-action-movie-full-hd-1080p/index.html]
[realnews7.xyz/wp-json/wp/v2/posts/118.json]
[realnews7.xyz/2022/03/08/black-notice-full-hollywood-action-movie-in-hindi-dubbed/feed/index.html]
[realnews7.xyz/wp-json/oembed/1.0/embed5785.json]
[realnews7.xyz/wp-json/oembed/1.0/embedbf12]
[realnews7.xyz/2022/03/08/black-notice-full-hollywood-action-movie-in-hindi-dubbed/index.html]
[realnews7.xyz/wp-json/wp/v2/posts/114.json]
[realnews7.xyz/2022/03/08/hollywood-movie-blade/feed/index.html]
[realnews7.xyz/wp-json/oembed/1.0/embedab1e.json]
[realnews7.xyz/wp-json/oembed/1.0/embed7724]
[realnews7.xyz/2022/03/08/hollywood-movie-blade/index.html]
[realnews7.xyz/wp-json/wp/v2/posts/110.json]
[realnews7.xyz/2022/03/08/southern-attack-hollywood-movies-dubbed-in-hindi/feed/index.html]
[realnews7.xyz/wp-json/oembed/1.0/embedbfab.json]
[realnews7.xyz/wp-json/oembed/1.0/embedb643]
[realnews7.xyz/2022/03/08/southern-attack-hollywood-movies-dubbed-in-hindi/index.html]
[realnews7.xyz/wp-json/wp/v2/posts/105.json]
[realnews7.xyz/2022/03/08/vin-diesel-blockbuster-action-movie-dubbed-in-hindi-the-scavngers-movie-explained-in-hindi-urdu-sci-fi-post-apocalyptic-thriller-epic/feed/index.html]
[realnews7.xyz/wp-json/oembed/1.0/embed6db8.json]
[realnews7.xyz/wp-json/oembed/1.0/embeda728]
[realnews7.xyz/2022/03/08/vin-diesel-blockbuster-action-movie-dubbed-in-hindi-the-scavngers-movie-explained-in-hindi-urdu-sci-fi-post-apocalyptic-thriller-epic/index.html]
[realnews7.xyz/wp-json/wp/v2/posts/101.json]
[realnews7.xyz/2022/03/08/dinosaurs-furious-hindi-dubbed-action-movie-hd-2021-hollywood-dubbed-adventures-movie/feed/index.html]
[realnews7.xyz/wp-json/oembed/1.0/embedd2b3.json]
[realnews7.xyz/wp-json/oembed/1.0/embed7b5f]
[realnews7.xyz/2022/03/08/dinosaurs-furious-hindi-dubbed-action-movie-hd-2021-hollywood-dubbed-adventures-movie/index.html]
[realnews7.xyz/wp-json/wp/v2/posts/97.json]
[realnews7.xyz/2022/03/08/the-volcano-treasure-hunt-hollywood-movie-in-hindi-dubbed-full-action-hd-2021full-movie/feed/index.html]
[realnews7.xyz/wp-json/oembed/1.0/embed4b60.json]
[realnews7.xyz/wp-json/oembed/1.0/embed70f3]
[realnews7.xyz/2022/03/08/the-volcano-treasure-hunt-hollywood-movie-in-hindi-dubbed-full-action-hd-2021full-movie/index.html]
[realnews7.xyz/wp-json/wp/v2/posts/93.json]
[realnews7.xyz/2022/03/08/deadman-spirit-hollywood-movie-hindi-dubbed-hollywood-horror-movies-in-hindi-dubbed-full-hd/feed/index.html]
[realnews7.xyz/wp-json/oembed/1.0/embed6788.json]
[realnews7.xyz/wp-json/oembed/1.0/embed14c8]
[realnews7.xyz/2022/03/08/deadman-spirit-hollywood-movie-hindi-dubbed-hollywood-horror-movies-in-hindi-dubbed-full-hd/index.html]
[realnews7.xyz/wp-json/wp/v2/posts/88.json]
[realnews7.xyz/2022/03/08/blockbuster-hollywood-full-length-hd-movie-hindi-dubbed/feed/index.html]
[realnews7.xyz/wp-json/oembed/1.0/embeda416.json]
[realnews7.xyz/wp-json/oembed/1.0/embed327e]
[realnews7.xyz/2022/03/08/blockbuster-hollywood-full-length-hd-movie-hindi-dubbed/index.html]
[realnews7.xyz/wp-json/wp/v2/posts/84.json]
[realnews7.xyz/2022/03/08/2021-tamil-action-movie-tony-jaa-hollywood-movie-in-tamil-dubbed-english-movies-2021-full-movie/feed/index.html]
[realnews7.xyz/wp-json/oembed/1.0/embed9aa5.json]
[realnews7.xyz/wp-json/oembed/1.0/embedee40]
[realnews7.xyz/2022/03/08/2021-tamil-action-movie-tony-jaa-hollywood-movie-in-tamil-dubbed-english-movies-2021-full-movie/index.html]
[realnews7.xyz/wp-json/wp/v2/posts/80.json]
[realnews7.xyz/2022/03/08/battlefield-2021-hollywood-movie-full-hindi-dubbed-hollywood-action-movies-in-hindi-dubbed-full/feed/index.html]
[realnews7.xyz/wp-json/oembed/1.0/embed87cf.json]
[realnews7.xyz/wp-json/oembed/1.0/embed0309]
[realnews7.xyz/2022/03/08/battlefield-2021-hollywood-movie-full-hindi-dubbed-hollywood-action-movies-in-hindi-dubbed-full/index.html]
[realnews7.xyz/wp-json/wp/v2/posts/76.json]
[realnews7.xyz/2022/03/08/niper-legacy-movie-hindi-full/feed/index.html]
[realnews7.xyz/wp-json/oembed/1.0/embed4250.json]
[realnews7.xyz/wp-json/oembed/1.0/embed6a2f]
[realnews7.xyz/2022/03/08/niper-legacy-movie-hindi-full/index.html]
[realnews7.xyz/wp-json/wp/v2/posts/72.json]
[realnews7.xyz/2022/03/08/dr-strange-full-movie-in-hindi-dubbed-new-hollywood-movies-in-hindi/feed/index.html]
[realnews7.xyz/wp-json/oembed/1.0/embed400b.json]
[realnews7.xyz/wp-json/oembed/1.0/embedeb19]
[realnews7.xyz/2022/03/08/dr-strange-full-movie-in-hindi-dubbed-new-hollywood-movies-in-hindi/index.html]
[realnews7.xyz/2022/03/08/new-action-movie-hollywood-2021-the-matrix-resurrections-2021-full-movies-full-length-english-hd/feed/index.html]
[realnews7.xyz/wp-json/wp/v2/posts/68.json]
[realnews7.xyz/wp-json/oembed/1.0/embed24c3.json]
[realnews7.xyz/wp-json/oembed/1.0/embedba0f]
[realnews7.xyz/2022/03/08/new-action-movie-hollywood-2021-the-matrix-resurrections-2021-full-movies-full-length-english-hd/index.html]
[realnews7.xyz/2022/03/08/jacky-chan-full-movie-2021-➤-full-mystery-movies-2021-➤-action-movies-2021-full-movie-english/index.html]
[realnews7.xyz/2022/03/08/maleficent-2-full-movie-hollywood-full-movie-2020-full-movies-in-english-𝐅𝐮𝐥𝐥-𝐇𝐃-1080/index.html]
[realnews7.xyz/wp-json/wp/v2/posts/43.json]
[realnews7.xyz/2022/03/08/the-amazing-spider-man-2-hindi-dubbed-spidey-movies/feed/index.html]
[realnews7.xyz/wp-json/oembed/1.0/embedd33d.json]
[realnews7.xyz/wp-json/oembed/1.0/embed53c7]
[realnews7.xyz/2022/03/08/the-amazing-spider-man-2-hindi-dubbed-spidey-movies/index.html]
[realnews7.xyz/wp-json/wp/v2/posts/40.json]
[realnews7.xyz/2022/03/08/mermaid-returns-2021-new-hollywood-movie-in-hindi-dubbed/feed/index.html]
[realnews7.xyz/wp-json/oembed/1.0/embed8920.json]
[realnews7.xyz/wp-json/oembed/1.0/embeda8f6]
[realnews7.xyz/2022/03/08/mermaid-returns-2021-new-hollywood-movie-in-hindi-dubbed/index.html]
[realnews7.xyz/wp-json/wp/v2/posts/36.json]
[realnews7.xyz/2022/03/08/take-back-jason-statham-action-movies-2021-full-movie-english/feed/index.html]
[realnews7.xyz/wp-json/oembed/1.0/embed785e.json]
[realnews7.xyz/wp-json/oembed/1.0/embed3dc8]
[realnews7.xyz/2022/03/08/take-back-jason-statham-action-movies-2021-full-movie-english/index.html]
[realnews7.xyz/wp-json/wp/v2/posts/34.json]
[realnews7.xyz/2022/03/08/hacker-new-hollywood-movie/feed/index.html]
[realnews7.xyz/wp-json/oembed/1.0/embed84d0.json]
[realnews7.xyz/wp-json/oembed/1.0/embed4e52]
[realnews7.xyz/2022/03/08/hacker-new-hollywood-movie/index.html]
[realnews7.xyz/wp-content/themes/enjoyvideo/genericons/genericons/Genericons.svg]
[realnews7.xyz/wp-includes/css/buttons.min74e5.css]
[realnews7.xyz/wp-admin/css/forms.min74e5.css]
[realnews7.xyz/wp-admin/css/l10n.min74e5.css]
[realnews7.xyz/wp-admin/css/login.min74e5.css]
[realnews7.xyz/wp-loginc2b6.html]
[realnews7.xyz/wp-includes/js/zxcvbn-async.min5152.js]
[realnews7.xyz/wp-includes/js/dist/vendor/regenerator-runtime.min3937.js]
[realnews7.xyz/wp-includes/js/dist/vendor/wp-polyfill.min2c7c.js]
[realnews7.xyz/wp-includes/js/dist/hooks.min8cbb.js]
[realnews7.xyz/wp-includes/js/dist/i18n.mina28b.js]
[realnews7.xyz/wp-admin/js/password-strength-meter.min74e5.js]
[realnews7.xyz/wp-includes/js/underscore.min0028.js]
[realnews7.xyz/wp-includes/js/wp-util.min74e5.js]
[realnews7.xyz/wp-admin/js/user-profile.min74e5.js]
[realnews7.xyz/wp-logina370.html]
[realnews7.xyz/author/admin/page/2/index.html]
[realnews7.xyz/author/admin/page/3/index.html]
[realnews7.xyz/index0c93.html]
[realnews7.xyz/index03bd.html]
[realnews7.xyz/index548d.html]
[realnews7.xyz/indexb773.html]
[realnews7.xyz/indexc544.html]
[realnews7.xyz/indexd89d.html]
[realnews7.xyz/index7d69.html]
[realnews7.xyz/index8fee.html]
[realnews7.xyz/indexd728.html]
[realnews7.xyz/index8cf0.html]
[realnews7.xyz/indexfbc5.html]
[realnews7.xyz/index1639.html]
[realnews7.xyz/index5f0f.html]
[realnews7.xyz/index9a88.html]
[realnews7.xyz/indexd027.html]
[realnews7.xyz/index50f6.html]
[realnews7.xyz/indexd7c9.html]
[realnews7.xyz/index0114.html]
[realnews7.xyz/indexeb91.html]
[realnews7.xyz/indexc39e.html]
[realnews7.xyz/index5051.html]
[realnews7.xyz/index78d6.html]
[realnews7.xyz/indexbbbf.html]
[realnews7.xyz/indexc885.html]
[realnews7.xyz/indexe8f5.html]
[realnews7.xyz/indexccf8.html]
[realnews7.xyz/indexa09e.html]
[realnews7.xyz/index5e74.html]
[realnews7.xyz/index8e01.html]
[realnews7.xyz/indexbbc7.html]
[realnews7.xyz/index8af0.html]
[realnews7.xyz/index87e6.html]
[realnews7.xyz/index56d6.html]
[realnews7.xyz/indexf488.html]
[realnews7.xyz/indexee5b.html]
[realnews7.xyz/index1a26.html]
[realnews7.xyz/index47f2.html]
[realnews7.xyz/index8b4e.html]
[realnews7.xyz/index4ab3.html]
[realnews7.xyz/indexdb84.html]
[realnews7.xyz/indexdb4e.html]
[realnews7.xyz/index30a5.html]
[realnews7.xyz/index5f87.html]
[realnews7.xyz/indexea0f.html]
[realnews7.xyz/index198a.html]
[realnews7.xyz/indexb190.html]
[realnews7.xyz/index36d4.html]
[realnews7.xyz/index8ed7.html]
[realnews7.xyz/index735a.html]
[realnews7.xyz/indexbde5.html]
[realnews7.xyz/index04cd.html]
[realnews7.xyz/indexae74.html]
[realnews7.xyz/index7ef4.html]
[realnews7.xyz/index4170.html]
[realnews7.xyz/index3ba0.html]
[realnews7.xyz/index0d0b.html]
[realnews7.xyz/index1e7e.html]
[realnews7.xyz/wp-includes/css/buttons.min74e5.css]
[realnews7.xyz/wp-admin/images/loading.gif]
[realnews7.xyz/wp-admin/css/forms.min74e5.css]
[realnews7.xyz/wp-admin/css/l10n.min74e5.css]
[realnews7.xyz/wp-admin/images/w-logo-blue7a53.png]
[realnews7.xyz/wp-admin/images/wordpress-logo7d6b.svg]
[realnews7.xyz/wp-admin/css/login.min74e5.css]
[realnews7.xyz/wp-loginc2b6.html]
[realnews7.xyz/wp-includes/js/zxcvbn-async.min5152.js]
[realnews7.xyz/wp-includes/js/dist/vendor/regenerator-runtime.min3937.js]
[realnews7.xyz/wp-login.html]
[realnews7.xyz/wp-includes/js/dist/vendor/wp-polyfill.min2c7c.js]
[realnews7.xyz/wp-includes/js/dist/hooks.min8cbb.js]
[realnews7.xyz/wp-includes/js/dist/i18n.mina28b.js]
[realnews7.xyz/wp-admin/js/password-strength-meter.min74e5.js]
[realnews7.xyz/wp-includes/js/underscore.min0028.js]
[realnews7.xyz/wp-includes/js/wp-util.min74e5.js]
[realnews7.xyz/wp-admin/js/user-profile.min74e5.js]
[realnews7.xyz/wp-admin/images/wordpress-logo7d6b.svg]
[realnews7.xyz/wp-login.html]
